151 INFO: PyInstaller: 6.21.0, contrib hooks: 2026.6
151 INFO: Python: 3.11.0
166 INFO: Platform: Windows-10-10.0.26100-SP0
166 INFO: Python environment: C:\Users\Gustavo\AppData\Local\Programs\Python\Python311
166 INFO: wrote build/updater_v2_rebuild\SigUpdater.spec
166 INFO: Removing temporary files and cleaning cache in C:\Users\Gustavo\AppData\Local\pyinstaller
166 INFO: Module search paths (PYTHONPATH):
['D:\\Projetos\\SIG Windows',
 'C:\\Users\\Gustavo\\AppData\\Local\\hermes\\hermes-agent',
 'C:\\Users\\Gustavo\\AppData\\Local\\hermes\\hermes-agent\\venv\\Lib\\site-packages',
 'C:\\Users\\Gustavo\\AppData\\Local\\Programs\\Python\\Python311\\python311.zip',
 'C:\\Users\\Gustavo\\AppData\\Local\\Programs\\Python\\Python311\\Lib',
 'C:\\Users\\Gustavo\\AppData\\Local\\Programs\\Python\\Python311\\DLLs',
 'C:\\Users\\Gustavo\\AppData\\Roaming\\Python\\Python311\\site-packages',
 'C:\\Users\\Gustavo\\AppData\\Local\\Programs\\Python\\Python311',
 'C:\\Users\\Gustavo\\AppData\\Local\\Programs\\Python\\Python311\\Lib\\site-packages',
 'C:\\Users\\Gustavo\\AppData\\Local\\Programs\\Python\\Python311\\Lib\\site-packages\\win32',
 'C:\\Users\\Gustavo\\AppData\\Local\\Programs\\Python\\Python311\\Lib\\site-packages\\win32\\lib',
 'C:\\Users\\Gustavo\\AppData\\Local\\Programs\\Python\\Python311\\Lib\\site-packages\\pythonwin',
 'D:\\Projetos\\SIG Windows']
575 INFO: checking Analysis
575 INFO: Building Analysis because Analysis-00.toc is non existent
575 INFO: Looking for Python shared library...
575 INFO: Using Python shared library: C:\Users\Gustavo\AppData\Local\Programs\Python\Python311\python311.dll
575 INFO: Running Analysis Analysis-00.toc
575 INFO: Target bytecode optimization level: 0
575 INFO: Initializing module dependency graph...
575 INFO: Initializing module graph hook caches...
596 INFO: Analyzing modules for base_library.zip ...
1630 INFO: Processing standard module hook 'hook-heapq.py' from 'C:\\Users\\Gustavo\\AppData\\Local\\hermes\\hermes-agent\\venv\\Lib\\site-packages\\PyInstaller\\hooks'
1716 INFO: Processing standard module hook 'hook-encodings.py' from 'C:\\Users\\Gustavo\\AppData\\Local\\hermes\\hermes-agent\\venv\\Lib\\site-packages\\PyInstaller\\hooks'
2812 INFO: Processing standard module hook 'hook-math.py' from 'C:\\Users\\Gustavo\\AppData\\Local\\hermes\\hermes-agent\\venv\\Lib\\site-packages\\PyInstaller\\hooks'
3249 INFO: Processing standard module hook 'hook-pickle.py' from 'C:\\Users\\Gustavo\\AppData\\Local\\hermes\\hermes-agent\\venv\\Lib\\site-packages\\PyInstaller\\hooks'
4751 INFO: Caching module dependency graph...
4804 INFO: Analyzing D:\Projetos\SIG Windows\updater_v2\updater.py
4918 INFO: Processing standard module hook 'hook-_ctypes.py' from 'C:\\Users\\Gustavo\\AppData\\Local\\hermes\\hermes-agent\\venv\\Lib\\site-packages\\PyInstaller\\hooks'
5015 INFO: Processing standard module hook 'hook-multiprocessing.util.py' from 'C:\\Users\\Gustavo\\AppData\\Local\\hermes\\hermes-agent\\venv\\Lib\\site-packages\\PyInstaller\\hooks'
5178 INFO: Processing standard module hook 'hook-xml.py' from 'C:\\Users\\Gustavo\\AppData\\Local\\hermes\\hermes-agent\\venv\\Lib\\site-packages\\PyInstaller\\hooks'
5805 INFO: Processing standard module hook 'hook-platform.py' from 'C:\\Users\\Gustavo\\AppData\\Local\\hermes\\hermes-agent\\venv\\Lib\\site-packages\\PyInstaller\\hooks'
5810 INFO: Processing pre-find-module-path hook 'hook-tkinter.py' from 'C:\\Users\\Gustavo\\AppData\\Local\\hermes\\hermes-agent\\venv\\Lib\\site-packages\\PyInstaller\\hooks\\pre_find_module_path'
5810 INFO: TclTkInfo: initializing cached Tcl/Tk info...
6186 INFO: Processing standard module hook 'hook-_tkinter.py' from 'C:\\Users\\Gustavo\\AppData\\Local\\hermes\\hermes-agent\\venv\\Lib\\site-packages\\PyInstaller\\hooks'
6258 INFO: Processing module hooks (post-graph stage)...
6308 INFO: Processing standard module hook 'hook-_tkinter.py' from 'C:\\Users\\Gustavo\\AppData\\Local\\hermes\\hermes-agent\\venv\\Lib\\site-packages\\PyInstaller\\hooks'
6319 INFO: Performing binary vs. data reclassification (923 entries)
6419 INFO: Looking for ctypes DLLs
6498 INFO: Analyzing run-time hooks ...
6498 INFO: Including run-time hook 'pyi_rth_inspect.py' from 'C:\\Users\\Gustavo\\AppData\\Local\\hermes\\hermes-agent\\venv\\Lib\\site-packages\\PyInstaller\\hooks\\rthooks'
6502 INFO: Including run-time hook 'pyi_rth__tkinter.py' from 'C:\\Users\\Gustavo\\AppData\\Local\\hermes\\hermes-agent\\venv\\Lib\\site-packages\\PyInstaller\\hooks\\rthooks'
6504 INFO: Including run-time hook 'pyi_rth_pkgutil.py' from 'C:\\Users\\Gustavo\\AppData\\Local\\hermes\\hermes-agent\\venv\\Lib\\site-packages\\PyInstaller\\hooks\\rthooks'
6504 INFO: Including run-time hook 'pyi_rth_multiprocessing.py' from 'C:\\Users\\Gustavo\\AppData\\Local\\hermes\\hermes-agent\\venv\\Lib\\site-packages\\PyInstaller\\hooks\\rthooks'
6534 INFO: Creating base_library.zip...
6552 INFO: Looking for dynamic libraries
6561 WARNING: get_package_paths - package pywin32_system32 has multiple paths (['C:\\Users\\Gustavo\\AppData\\Local\\hermes\\hermes-agent\\venv\\Lib\\site-packages\\pywin32_system32', 'C:\\Users\\Gustavo\\AppData\\Local\\Programs\\Python\\Python311\\Lib\\site-packages\\pywin32_system32']); returning only first one!
6738 INFO: Extra DLL search directories (AddDllDirectory): []
6738 INFO: Extra DLL search directories (PATH): []
7289 INFO: Warnings written to D:\Projetos\SIG Windows\build\updater_v2_rebuild\work\SigUpdater\warn-SigUpdater.txt
7320 INFO: Graph cross-reference written to D:\Projetos\SIG Windows\build\updater_v2_rebuild\work\SigUpdater\xref-SigUpdater.html
7357 INFO: checking PYZ
7357 INFO: Building PYZ because PYZ-00.toc is non existent
7357 INFO: Building PYZ (ZlibArchive) D:\Projetos\SIG Windows\build\updater_v2_rebuild\work\SigUpdater\PYZ-00.pyz
7587 INFO: Building PYZ (ZlibArchive) D:\Projetos\SIG Windows\build\updater_v2_rebuild\work\SigUpdater\PYZ-00.pyz completed successfully.
7605 INFO: checking PKG
7605 INFO: Building PKG because PKG-00.toc is non existent
7605 INFO: Building PKG (CArchive) SigUpdater.pkg
10903 INFO: Building PKG (CArchive) SigUpdater.pkg completed successfully.
10927 INFO: Bootloader C:\Users\Gustavo\AppData\Local\hermes\hermes-agent\venv\Lib\site-packages\PyInstaller\bootloader\Windows-64bit-intel\runw.exe
10927 INFO: checking EXE
10927 INFO: Building EXE because EXE-00.toc is non existent
10927 INFO: Building EXE from EXE-00.toc
10927 INFO: Copying bootloader EXE to D:\Projetos\SIG Windows\build\updater_v2_rebuild\dist\SigUpdater.exe
10930 INFO: Copying icon to EXE
10932 INFO: Copying 0 resources to EXE
10932 INFO: Embedding manifest in EXE
10934 INFO: Appending PKG archive to EXE
10945 INFO: Fixing EXE headers
11047 INFO: Building EXE from EXE-00.toc completed successfully.
11069 INFO: Build complete! The results are available in: D:\Projetos\SIG Windows\build\updater_v2_rebuild\dist
